// Jest Snapshot v1, https://goo.gl/fbAQLP

exports[`VerticalBarChart renders VerticalBarChart correctly 1`] = `
<div
  className=

      {
        -moz-osx-font-smoothing: grayscale;
        -webkit-font-smoothing: antialiased;
        display: flex;
        flex-direction: column;
        font-family: 'Segoe UI', 'Segoe UI Web (West European)', 'Segoe UI', -apple-system, BlinkMacSystemFont, 'Roboto', 'Helvetica Neue', sans-serif;
        font-size: 14px;
        font-weight: 400;
        height: 100%;
        overflow: hidden;
        width: 100%;
      }
  id="VerticalBarChart"
>
  <div
    className=
        ms-FocusZone
        &:focus {
          outline: none;
        }
    data-focuszone-id="FocusZone2"
    onFocus={[Function]}
    onKeyDown={[Function]}
    onMouseDownCapture={[Function]}
  >
    <svg
      height={350}
      width={600}
    >
      <g
        className=

            & text {
              -moz-osx-font-smoothing: grayscale;
              -webkit-font-smoothing: antialiased;
              fill: #323130;
              font-family: 'Segoe UI', 'Segoe UI Web (West European)', 'Segoe UI', -apple-system, BlinkMacSystemFont, 'Roboto', 'Helvetica Neue', sans-serif;
              font-size: 10px;
              font-weight: 400;
            }
            @media screen and (-ms-high-contrast: white-on-black){& text {
              fill: rgb(179, 179, 179);
            }
            & line {
              opacity: 0.1;
              width: 1px;
            }
            @media screen and (-ms-high-contrast: white-on-black){& line {
              opacity: 0.1;
              stroke: rgb(179, 179, 179);
            }
            & path {
              display: none;
            }
        id="xAxisGElement"
        transform="translate(0, 315)"
      />
      <g
        className=

            & text {
              -moz-osx-font-smoothing: grayscale;
              -webkit-font-smoothing: antialiased;
              fill: #323130;
              font-family: 'Segoe UI', 'Segoe UI Web (West European)', 'Segoe UI', -apple-system, BlinkMacSystemFont, 'Roboto', 'Helvetica Neue', sans-serif;
              font-size: 10px;
              font-weight: 400;
            }
            @media screen and (-ms-high-contrast: white-on-black){& text {
              fill: rgb(179, 179, 179);
            }
            & line {
              fill: #323130;
              opacity: 0.2;
              width: 1px;
            }
            @media screen and (-ms-high-contrast: white-on-black){& line {
              opacity: 0.2;
              stroke: rgb(179, 179, 179);
            }
            & path {
              display: none;
            }
        id="yAxisGElement"
        transform="translate(40, 0)"
      />
      <g
        id="barGElement"
      >
        <rect
          aria-labelledby="callout1"
          className=

              {
                opacity: ;
              }
          data-is-focusable={true}
          fill="rgb(0, 188, 242)"
          height={0}
          onBlur={[Function]}
          onFocus={[Function]}
          onMouseLeave={[Function]}
          onMouseOver={[Function]}
          width={32}
          x={56}
          y={-35}
        />
        <rect
          aria-labelledby="callout1"
          className=

              {
                opacity: ;
              }
          data-is-focusable={true}
          fill="rgb(0, 32, 80)"
          height={-55}
          onBlur={[Function]}
          onFocus={[Function]}
          onMouseLeave={[Function]}
          onMouseOver={[Function]}
          width={32}
          x={-68}
          y={20}
        />
      </g>
    </svg>
  </div>
  <div
    className=

        {
          margin-left: 35px;
          margin-top: 8px;
        }
  >
    <div
      className=

          {
            align-items: center;
            white-space: nowrap;
            width: 100%;
          }
    >
      <div>
        <div
          style={
            Object {
              "position": "relative",
            }
          }
        >
          <div
            data-automation-id="visibleContent"
            style={
              Object {
                "position": "fixed",
                "visibility": "hidden",
              }
            }
          >
            <div
              className=
                  ms-FocusZone
                  ms-OverflowSet
                  &:focus {
                    outline: none;
                  }
                  {
                    display: flex;
                    flex-wrap: wrap;
                    justify-content: unset;
                    position: relative;
                  }
              data-focuszone-id="FocusZone3"
              onFocus={[Function]}
              onKeyDown={[Function]}
              onMouseDownCapture={[Function]}
              role="group"
            >
              <div
                className=
                    ms-OverflowSet-item
                    {
                      display: inherit;
                      flex-shrink: 0;
                      margin-bottom: 16px;
                    }
              >
                <button
                  className=

                      {
                        align-items: center;
                        background: none;
                        border: none;
                        cursor: pointer;
                        display: flex;
                        margin-bottom: ;
                        margin-left: ;
                        margin-right: ;
                        margin-top: ;
                        outline: transparent;
                        padding-bottom: 0px;
                        padding-left: 0px;
                        padding-right: 0px;
                        padding-top: 0px;
                        position: relative;
                      }
                      &::-moz-focus-inner {
                        border: 0;
                      }
                      .ms-Fabric--isFocusVisible &:focus:after {
                        border: 1px solid transparent;
                        bottom: 1px;
                        content: "";
                        left: 1px;
                        outline: 1px solid #605e5c;
                        position: absolute;
                        right: 1px;
                        top: 1px;
                        z-index: 1;
                      }
                      @media screen and (-ms-high-contrast: active){.ms-Fabric--isFocusVisible &:focus:after {
                        outline-color: #605e5c;
                      }
                  data-is-focusable={false}
                  onBlur={[Function]}
                  onClick={[Function]}
                  onFocus={[Function]}
                  onMouseOut={[Function]}
                  onMouseOver={[Function]}
                >
                  <div
                    className=

                        {
                          border-color: #8a8886;
                          border: 1px solid;
                          height: 12px;
                          margin-right: 8px;
                          opacity: ;
                          width: 12px;
                        }
                        @media screen and (-ms-high-contrast: active){& {
                          background-image: linear-gradient(to right, undefined, undefined);
                          opacity: ;
                        }
                  />
                  <div
                    className=

                        {
                          -moz-osx-font-smoothing: grayscale;
                          -webkit-font-smoothing: antialiased;
                          color: #323130;
                          font-family: 'Segoe UI', 'Segoe UI Web (West European)', 'Segoe UI', -apple-system, BlinkMacSystemFont, 'Roboto', 'Helvetica Neue', sans-serif;
                          font-size: 12px;
                          font-weight: 400;
                          line-height: 16px;
                          margin-right: 16px;
                          opacity: ;
                        }
                  />
                </button>
              </div>
              <div
                className=
                    ms-OverflowSet-item
                    {
                      display: inherit;
                      flex-shrink: 0;
                      margin-bottom: 16px;
                    }
              >
                <button
                  className=

                      {
                        align-items: center;
                        background: none;
                        border: none;
                        cursor: pointer;
                        display: flex;
                        margin-bottom: ;
                        margin-left: ;
                        margin-right: ;
                        margin-top: ;
                        outline: transparent;
                        padding-bottom: 0px;
                        padding-left: 0px;
                        padding-right: 0px;
                        padding-top: 0px;
                        position: relative;
                      }
                      &::-moz-focus-inner {
                        border: 0;
                      }
                      .ms-Fabric--isFocusVisible &:focus:after {
                        border: 1px solid transparent;
                        bottom: 1px;
                        content: "";
                        left: 1px;
                        outline: 1px solid #605e5c;
                        position: absolute;
                        right: 1px;
                        top: 1px;
                        z-index: 1;
                      }
                      @media screen and (-ms-high-contrast: active){.ms-Fabric--isFocusVisible &:focus:after {
                        outline-color: #605e5c;
                      }
                  data-is-focusable={false}
                  onBlur={[Function]}
                  onClick={[Function]}
                  onFocus={[Function]}
                  onMouseOut={[Function]}
                  onMouseOver={[Function]}
                >
                  <div
                    className=

                        {
                          border-color: #8a8886;
                          border: 1px solid;
                          height: 12px;
                          margin-right: 8px;
                          opacity: ;
                          width: 12px;
                        }
                        @media screen and (-ms-high-contrast: active){& {
                          background-image: linear-gradient(to right, undefined, undefined);
                          opacity: ;
                        }
                  />
                  <div
                    className=

                        {
                          -moz-osx-font-smoothing: grayscale;
                          -webkit-font-smoothing: antialiased;
                          color: #323130;
                          font-family: 'Segoe UI', 'Segoe UI Web (West European)', 'Segoe UI', -apple-system, BlinkMacSystemFont, 'Roboto', 'Helvetica Neue', sans-serif;
                          font-size: 12px;
                          font-weight: 400;
                          line-height: 16px;
                          margin-right: 16px;
                          opacity: ;
                        }
                  />
                </button>
              </div>
            </div>
          </div>
        </div>
      </div>
    </div>
  </div>
  <span
    className="ms-layer"
  />
</div>
`;
